Found 24 test(s).
python : Creating test database for alias 'default' 
('file:memorydb_default?mode=memory&cache=shared')...
At line:1 char:1
+ python manage.py test matching --settings=hitchhike.test_settings --v ...
+ ~~~~~~~~~~~~~~~~~~~~~~~~~~~~~~~~~~~~~~~~~~~~~~~~~~~~~~~~~~~~~~~~~~~~~
    + CategoryInfo          : NotSpecified: (Creating test d...che=shared')...:Stri 
   ng) [], RemoteException
    + FullyQualifiedErrorId : NativeCommandError
 

Operations to perform:
  Synchronize unmigrated apps: matching, messages, rest_framework, staticfiles, users
  Apply all migrations: admin, auth, contenttypes, sessions
Synchronizing apps without migrations:
  Creating tables...
    Creating table users_user
    Creating table users_rideoffer
    Creating table users_riderequest
    Creating table matching_ride
    Running deferred SQL...
Running migrations:
  Applying contenttypes.0001_initial... OK
  Applying admin.0001_initial... OK
  Applying admin.0002_logentry_remove_auto_add... OK
  Applying admin.0003_logentry_add_action_flag_choices... OK
  Applying contenttypes.0002_remove_content_type_name... OK
  Applying auth.0001_initial... OK
  Applying auth.0002_alter_permission_name_max_length... OK
  Applying auth.0003_alter_user_email_max_length... OK
  Applying auth.0004_alter_user_username_opts... OK
  Applying auth.0005_alter_user_last_login_null... OK
  Applying auth.0006_require_contenttypes_0002... OK
  Applying auth.0007_alter_validators_add_error_messages... OK
  Applying auth.0008_alter_user_username_max_length... OK
  Applying auth.0009_alter_user_last_name_max_length... OK
  Applying auth.0010_alter_group_name_max_length... OK
  Applying auth.0011_update_proxy_permissions... OK
  Applying auth.0012_alter_user_first_name_max_length... OK
  Applying sessions.0001_initial... OK
System check identified no issues (0 silenced).
test_double_booking_prevented_already_matched_request (matching.tests.TestConfirmMat
chACIDCompliance.test_double_booking_prevented_already_matched_request)
If a RideRequest has already been matched, attempting to match ... ok
test_double_booking_prevented_no_seats (matching.tests.TestConfirmMatchACIDComplianc
e.test_double_booking_prevented_no_seats)
If all seats on a RideOffer are taken, a subsequent ... ok
test_nonexistent_offer_raises_error 
(matching.tests.TestConfirmMatchACIDCompliance.test_nonexistent_offer_raises_error)
Confirming with a non-existent RideOffer ID must raise ... ok
test_nonexistent_request_raises_error (matching.tests.TestConfirmMatchACIDCompliance
.test_nonexistent_request_raises_error)
Confirming with a non-existent RideRequest ID must raise ... ok
test_double_confirm_returns_400 
(matching.tests.TestConfirmMatchEndpoint.test_double_confirm_returns_400)
Attempting to confirm the same RideRequest twice must return ... Confirm error: 
RideRequest #1 is already matched.
ok
test_empty_payload_returns_400 
(matching.tests.TestConfirmMatchEndpoint.test_empty_payload_returns_400)
An empty JSON body must return HTTP 400 BAD REQUEST. ... ok
test_missing_ride_offer_id_returns_400 
(matching.tests.TestConfirmMatchEndpoint.test_missing_ride_offer_id_returns_400)
A payload missing ``ride_offer_id`` must return HTTP 400 ... ok
test_missing_ride_request_id_returns_400 
(matching.tests.TestConfirmMatchEndpoint.test_missing_ride_request_id_returns_400)
A payload missing ``ride_request_id`` must return HTTP 400 ... ok
test_nonexistent_offer_returns_400 
(matching.tests.TestConfirmMatchEndpoint.test_nonexistent_offer_returns_400)
A valid JSON structure but with a non-existent offer ID must ... Confirm error: 
RideOffer with id 99999 does not exist.
ok
test_valid_confirm_returns_201 
(matching.tests.TestConfirmMatchEndpoint.test_valid_confirm_returns_201)
A valid JSON payload with existing ``ride_offer_id`` and ... ok
test_detour_time_is_recorded 
(matching.tests.TestConfirmMatchStatusTransition.test_detour_time_is_recorded)
The Ride's ``total_detour_time`` should reflect the computed ... ok
test_ride_request_status_set_to_matched (matching.tests.TestConfirmMatchStatusTransi
tion.test_ride_request_status_set_to_matched)
The confirmed RideRequest's status must be set to ``'matched'``. ... ok
test_seat_count_decremented 
(matching.tests.TestConfirmMatchStatusTransition.test_seat_count_decremented)
After confirming a match, the RideOffer's ``available_seats`` ... ok
test_status_changes_to_confirmed 
(matching.tests.TestConfirmMatchStatusTransition.test_status_changes_to_confirmed)
After calling ``confirm_match``, the resulting Ride object ... ok
test_already_matched_request_raises_error 
(matching.tests.TestRankBestMatches.test_already_matched_request_raises_error)
Ranking for a RideRequest that is already matched must raise ... ok
test_nonexistent_request_raises_error 
(matching.tests.TestRankBestMatches.test_nonexistent_request_raises_error)
Ranking for a non-existent RideRequest must raise MatchingError. ... ok
test_result_fields_present 
(matching.tests.TestRankBestMatches.test_result_fields_present)
Each result dict must contain all expected keys. ... ok
test_returns_ranked_results 
(matching.tests.TestRankBestMatches.test_returns_ranked_results)
The ranking method must return a list sorted by ``extra_seconds`` ... ok
test_matches_contain_expected_fields 
(matching.tests.TestRankMatchesEndpoint.test_matches_contain_expected_fields)
Each match in the response must contain the expected fields. ... ok
test_nonexistent_request_returns_400 
(matching.tests.TestRankMatchesEndpoint.test_nonexistent_request_returns_400)
Ranking for a non-existent RideRequest ID must return ... Matching error: 
RideRequest with id 99999 does not exist.
ok
test_valid_rank_returns_200 
(matching.tests.TestRankMatchesEndpoint.test_valid_rank_returns_200)
A valid GET request with an existing RideRequest ID must return ... ok
test_ride_detail_not_found_returns_404 
(matching.tests.TestRideEndpoints.test_ride_detail_not_found_returns_404)
GET /api/matching/rides/<nonexistent_pk>/ must return HTTP 404. ... ok
test_ride_detail_returns_200 
(matching.tests.TestRideEndpoints.test_ride_detail_returns_200)
GET /api/matching/rides/<pk>/ must return HTTP 200 with the ... ok
test_ride_list_returns_200 
(matching.tests.TestRideEndpoints.test_ride_list_returns_200)
GET /api/matching/rides/ must return HTTP 200. ... ok

----------------------------------------------------------------------
Ran 24 tests in 0.130s

OK
Destroying test database for alias 'default' 
('file:memorydb_default?mode=memory&cache=shared')...

